`torch_dtype` is deprecated! Use `dtype` instead!
{
  "scope": "public center-triplet component smoke; NOT released volume pipeline",
  "medical_quality_tested": false,
  "gpu": "NVIDIA GH200 120GB",
  "torch": "2.10.0+cu129",
  "load_encode_seconds": 8.693196687032469,
  "denoiser_seconds": [
    0.29349985893350095,
    0.03155533003155142,
    0.03022308403160423,
    0.030282314051873982,
    0.03031591302715242,
    0.030009426991455257,
    0.030314504983834922,
    0.03030500200111419,
    0.030513218021951616,
    0.030234794947318733,
    0.030478948028758168,
    0.03039802296552807,
    0.030151822953484952,
    0.030168685014359653,
    0.030326953041367233,
    0.03033264901023358,
    0.030232139979489148,
    0.030176494037732482,
    0.03039280592929572,
    0.030113551998510957,
    0.03013140696566552,
    0.03038759098853916,
    0.029834873043000698,
    0.030302281957119703,
    0.030362918972969055,
    0.030122351017780602,
    0.030344487982802093,
    0.030163469957187772,
    0.03028391406405717,
    0.030415014014579356,
    0.030121744028292596,
    0.030282921972684562,
    0.030360487988218665,
    0.02994366898201406,
    0.03017105394974351,
    0.030197901069186628,
    0.0305267859948799,
    0.0303863420849666,
    0.030088239931501448,
    0.030186253017745912,
    0.03019015700556338,
    0.030204012989997864,
    0.029848247999325395,
    0.030041873920708895,
    0.02993646904360503,
    0.03035056800581515,
    0.029800442047417164,
    0.030053392983973026,
    0.030155087006278336,
    0.030132079031318426,
    0.030069936998188496,
    0.030051250010728836,
    0.029982067993842065,
    0.03014033497311175,
    0.030192077974788845,
    0.03022177203092724,
    0.02984882507007569,
    0.030008818954229355,
    0.030398086993955076,
    0.029950964963063598,
    0.03008535993285477,
    0.03010043199174106,
    0.030099791940301657,
    0.030155791086144745,
    0.030418981914408505,
    0.030319656943902373,
    0.030554497963748872,
    0.030256266938522458,
    0.030351527966558933,
    0.030246571055613458,
    0.030416070017963648,
    0.03007598500698805,
    0.03014004707802087,
    0.030257930979132652,
    0.030215115984901786,
    0.030184685019776225,
    0.03014913504011929,
    0.0300799849210307,
    0.0303571920376271,
    0.03024865104816854,
    0.030344711965881288,
    0.030299177044071257,
    0.030233867932111025,
    0.030107503989711404,
    0.03016618895344436,
    0.030539553961716592,
    0.030193869024515152,
    0.0303419919218868,
    0.03032282507047057,
    0.030159438028931618,
    0.030328232911415398,
    0.030540290055796504,
    0.030034833936952055,
    0.030207725008949637,
    0.03024148300755769,
    0.03007787198293954,
    0.03027754696086049,
    0.0300697130151093,
    0.030189197044819593,
    0.03037443896755576,
    0.030578688951209188,
    0.030439140973612666,
    0.0306179829640314,
    0.03040615003556013,
    0.030476164072752,
    0.03061446303036064,
    0.030258411075919867,
    0.030531553900800645,
    0.030446084914729,
    0.03054796892683953,
    0.030502403038553894,
    0.03017063799779862,
    0.030280938022769988,
    0.030187884927727282,
    0.030358663061633706,
    0.030566785018891096,
    0.030361384036950767,
    0.030419526039622724,
    0.030265417997725308,
    0.03030503389891237,
    0.03029591403901577,
    0.030329192988574505,
    0.030156782013364136,
    0.03013870306313038,
    0.030070257023908198,
    0.03019006096292287,
    0.029926966060884297,
    0.030423140968196094,
    0.030342761077918112,
    0.030120431096293032,
    0.030018129968084395,
    0.030512674944475293,
    0.03026823396794498,
    0.030089679989032447,
    0.03030330501496792,
    0.03017847810406238,
    0.030394310015253723,
    0.03030880994629115,
    0.030281227082014084,
    0.030012627015821636,
    0.03017249400727451,
    0.030426788958720863,
    0.03047680400777608,
    0.0302530350163579,
    0.029881750931963325,
    0.030194605002179742,
    0.03018564498052001,
    0.030113775050267577,
    0.03020423697307706,
    0.030180877074599266,
    0.029954195953905582,
    0.030133711057715118,
    0.030274890013970435,
    0.03014350193552673,
    0.030078288982622325,
    0.030361543060280383,
    0.030116815003566444,
    0.030008051078766584,
    0.030074001057073474,
    0.030271786963567138,
    0.0302533550420776,
    0.030298472964204848,
    0.03017937403637916,
    0.03027056995779276,
    0.030230955919250846,
    0.030089167994447052,
    0.030322888982482255,
    0.03040659800171852,
    0.03012353600934148,
    0.03006222506519407,
    0.029813657980412245,
    0.030161774018779397,
    0.03027626604307443,
    0.030246219947002828,
    0.030367302941158414,
    0.03042883798480034,
    0.030162638053297997,
    0.030253451084718108,
    0.030097103910520673,
    0.030175821040757,
    0.030255883932113647,
    0.03036333597265184,
    0.030465284013189375,
    0.030412421911023557,
    0.030282377963885665,
    0.030234155943617225,
    0.03045283700339496,
    0.030240555992349982,
    0.03024852299131453,
    0.030398119008168578,
    0.030171566060744226,
    0.02996821200940758,
    0.030090959975495934,
    0.02994030900299549,
    0.029886967036873102,
    0.03033133700955659,
    0.03014206199441105,
    0.030056337011046708,
    0.029854424064978957,
    0.0301114710746333
  ],
  "decoded_shape": [
    1,
    3,
    512,
    512
  ],
  "steps": 200,
  "guidance_scale": 7.5,
  "decoded_min": -1.013671875,
  "decoded_max": 1.046875,
  "peak_allocated_bytes": 2847870464,
  "peak_reserved_bytes": 3193962496,
  "elapsed_seconds": 15.228099036961794
}
